// Jest Snapshot v1, https://goo.gl/fbAQLP

exports[`App renders and matches snapshot 1`] = `
<body>
  <div>
    <div>
      Insert Team Selector Component
    </div>
  </div>
</body>
`;
